refreshing continuous aggregates for 2024-09-10T00:00:00+00:00..2026-09-10T15:52:00+00:00
2026-09-24 12:44:13,416 INFO refreshing aggregate=ohlcv_5m start=2024-09-10 00:00:00+00:00 end=2026-09-10 15:52:00+00:00
2026-09-24 12:52:16,831 INFO refreshing aggregate=ohlcv_15m start=2024-09-10 00:00:00+00:00 end=2026-09-10 15:52:00+00:00
2026-09-24 12:54:59,686 INFO refreshing aggregate=ohlcv_1h start=2024-09-10 00:00:00+00:00 end=2026-09-10 15:52:00+00:00
2026-09-24 12:55:41,537 INFO refreshing aggregate=ohlcv_4h start=2024-09-10 00:00:00+00:00 end=2026-09-10 15:52:00+00:00
2026-09-24 12:55:59,939 INFO refreshing aggregate=ohlcv_1d start=2024-09-10 00:00:00+00:00 end=2026-09-10 15:52:00+00:00
Traceback (most recent call last):
  File "<frozen runpy>", line 198, in _run_module_as_main
  File "<frozen runpy>", line 88, in _run_code
  File "/home/georg/projects/alphamill-universe/src/alphamill/data_bridge/universe/__main__.py", line 11, in <module>
    raise SystemExit(main())
                     ~~~~^^
  File "/home/georg/projects/alphamill-universe/src/alphamill/data_bridge/universe/cli.py", line 144, in main
    return handlers[args.command](args)
           ~~~~~~~~~~~~~~~~~~~~~~^^^^^^
  File "/home/georg/projects/alphamill-universe/src/alphamill/data_bridge/universe/cli.py", line 253, in _gate
    outcomes = gate_and_admit(
        conn,
    ...<4 lines>...
        lake_root=lake_root,
    )
  File "/home/georg/projects/alphamill-universe/src/alphamill/data_bridge/universe/admission.py", line 136, in gate_and_admit
    admit_pair(
    ~~~~~~~~~~^
        conn,
        ^^^^^
    ...<5 lines>...
        start=window_start,
        ^^^^^^^^^^^^^^^^^^^
    )
    ^
  File "/home/georg/projects/alphamill-universe/src/alphamill/data_bridge/universe/admission.py", line 64, in admit_pair
    record_verdicts(conn, [result], universe_id=definition.universe_id, hostname=hostname)
    ~~~~~~~~~~~~~~~^^^^^^^^^^^^^^^^^^^^^^^^^^^^^^^^^^^^^^^^^^^^^^^^^^^^^^^^^^^^^^^^^^^^^^^
  File "/home/georg/projects/alphamill-universe/src/alphamill/data_bridge/universe/verdicts.py", line 89, in record_verdicts
    cur.execute(_INSERT_SQL, values)
    ~~~~~~~~~~~^^^^^^^^^^^^^^^^^^^^^
psycopg2.errors.UndefinedTable: relation "universe_quality_verdicts" does not exist
LINE 2: INSERT INTO universe_quality_verdicts (
                    ^

