refreshing continuous aggregates for 2024-09-10T00:00:00+00:00..2026-09-10T15:52:00+00:00
2026-09-24 14:18:53,533 INFO refreshing aggregate=ohlcv_5m start=2024-09-10 00:00:00+00:00 end=2026-09-10 15:52:00+00:00
2026-09-24 14:18:53,548 INFO refreshing aggregate=ohlcv_15m start=2024-09-10 00:00:00+00:00 end=2026-09-10 15:52:00+00:00
2026-09-24 14:18:53,553 INFO refreshing aggregate=ohlcv_1h start=2024-09-10 00:00:00+00:00 end=2026-09-10 15:52:00+00:00
2026-09-24 14:18:53,558 INFO refreshing aggregate=ohlcv_4h start=2024-09-10 00:00:00+00:00 end=2026-09-10 15:52:00+00:00
2026-09-24 14:18:53,562 INFO refreshing aggregate=ohlcv_1d start=2024-09-10 00:00:00+00:00 end=2026-09-10 15:52:00+00:00
E_UNIVERSE_GATE_QUARANTINED: BTC/USDT → aggregate_mismatch
E_UNIVERSE_GATE_QUARANTINED: ETH/USDT → aggregate_mismatch
E_UNIVERSE_GATE_QUARANTINED: SOL/USDT → aggregate_mismatch
E_UNIVERSE_GATE_QUARANTINED: ZEC/USDT → aggregate_mismatch
E_UNIVERSE_GATE_QUARANTINED: XRP/USDT → aggregate_mismatch
E_UNIVERSE_GATE_QUARANTINED: DOGE/USDT → aggregate_mismatch
E_UNIVERSE_GATE_QUARANTINED: BNB/USDT → aggregate_mismatch
E_UNIVERSE_GATE_QUARANTINED: PEPE/USDT → aggregate_mismatch
E_UNIVERSE_GATE_QUARANTINED: BANK/USDT → missing_ratio_exceeded
E_UNIVERSE_GATE_QUARANTINED: NEAR/USDT → aggregate_mismatch
E_UNIVERSE_GATE_QUARANTINED: ENA/USDT → aggregate_mismatch
E_UNIVERSE_GATE_QUARANTINED: SUI/USDT → aggregate_mismatch
E_UNIVERSE_GATE_QUARANTINED: UNI/USDT → aggregate_mismatch
E_UNIVERSE_GATE_QUARANTINED: ADA/USDT → aggregate_mismatch
E_UNIVERSE_GATE_QUARANTINED: WLD/USDT → aggregate_mismatch
E_UNIVERSE_GATE_QUARANTINED: TRUMP/USDT → boundary_not_closed
E_UNIVERSE_GATE_QUARANTINED: PUMP/USDT → missing_ratio_exceeded
E_UNIVERSE_GATE_QUARANTINED: LINK/USDT → aggregate_mismatch
E_UNIVERSE_GATE_QUARANTINED: LSK/USDT → aggregate_mismatch
E_UNIVERSE_GATE_QUARANTINED: AAVE/USDT → aggregate_mismatch
E_UNIVERSE_GATE_QUARANTINED: TUT/USDT → missing_ratio_exceeded
E_UNIVERSE_GATE_QUARANTINED: TAO/USDT → aggregate_mismatch
E_UNIVERSE_GATE_QUARANTINED: AVAX/USDT → aggregate_mismatch
E_UNIVERSE_GATE_QUARANTINED: ARB/USDT → aggregate_mismatch
E_UNIVERSE_GATE_QUARANTINED: DEXE/USDT → aggregate_mismatch
E_UNIVERSE_GATE_QUARANTINED: ACE/USDT → aggregate_mismatch
E_UNIVERSE_GATE_QUARANTINED: BCH/USDT → aggregate_mismatch
E_UNIVERSE_GATE_QUARANTINED: ONDO/USDT → missing_ratio_exceeded
E_UNIVERSE_GATE_QUARANTINED: FIL/USDT → aggregate_mismatch
E_UNIVERSE_GATE_QUARANTINED: XLM/USDT → aggregate_mismatch
