/home/georg/projects/alphamill-f012/.venv/lib/python3.14/site-packages/pandas/core/arraylike.py:399: RuntimeWarning: divide by zero encountered in log
  result = getattr(ufunc, method)(*inputs, **kwargs)
/home/georg/projects/alphamill-f012/src/alphamill/factor_factory/generators/alphagen_vendor/alphagen/data/expression.py:383: UserWarning: var(): degrees of freedom is <= 0. Correction should be strictly less than the reduction factor (input numel divided by output numel). (Triggered internally at /pytorch/aten/src/ATen/native/ReduceOps.cpp:1857.)
  def _apply(self, operand: Tensor) -> Tensor: return operand.var(dim=-1)
/home/georg/projects/alphamill-f012/src/alphamill/factor_factory/generators/alphagen_vendor/alphagen/data/expression.py:379: UserWarning: std(): degrees of freedom is <= 0. Correction should be strictly less than the reduction factor (input numel divided by output numel). (Triggered internally at /pytorch/aten/src/ATen/native/ReduceOps.cpp:1857.)
  def _apply(self, operand: Tensor) -> Tensor: return operand.std(dim=-1)
/home/georg/projects/alphamill-f012/.venv/lib/python3.14/site-packages/pandas/core/arraylike.py:399: RuntimeWarning: invalid value encountered in log
  result = getattr(ufunc, method)(*inputs, **kwargs)
/home/georg/projects/alphamill-f012/src/alphamill/factor_factory/generators/alphagen_vendor/alphagen/data/expression.py:383: UserWarning: var(): degrees of freedom is <= 0. Correction should be strictly less than the reduction factor (input numel divided by output numel). (Triggered internally at /pytorch/aten/src/ATen/native/ReduceOps.cpp:1857.)
  def _apply(self, operand: Tensor) -> Tensor: return operand.var(dim=-1)
/home/georg/projects/alphamill-f012/.venv/lib/python3.14/site-packages/pandas/core/arraylike.py:399: RuntimeWarning: invalid value encountered in log
  result = getattr(ufunc, method)(*inputs, **kwargs)
/home/georg/projects/alphamill-f012/.venv/lib/python3.14/site-packages/pandas/core/arraylike.py:399: RuntimeWarning: invalid value encountered in log
  result = getattr(ufunc, method)(*inputs, **kwargs)
/home/georg/projects/alphamill-f012/.venv/lib/python3.14/site-packages/pandas/core/arraylike.py:399: RuntimeWarning: invalid value encountered in log
  result = getattr(ufunc, method)(*inputs, **kwargs)
/home/georg/projects/alphamill-f012/src/alphamill/factor_factory/generators/alphagen_vendor/alphagen/data/expression.py:379: UserWarning: std(): degrees of freedom is <= 0. Correction should be strictly less than the reduction factor (input numel divided by output numel). (Triggered internally at /pytorch/aten/src/ATen/native/ReduceOps.cpp:1857.)
  def _apply(self, operand: Tensor) -> Tensor: return operand.std(dim=-1)
/home/georg/projects/alphamill-f012/.venv/lib/python3.14/site-packages/pandas/core/arraylike.py:399: RuntimeWarning: invalid value encountered in log
  result = getattr(ufunc, method)(*inputs, **kwargs)
/home/georg/projects/alphamill-f012/.venv/lib/python3.14/site-packages/pandas/core/arraylike.py:399: RuntimeWarning: invalid value encountered in log
  result = getattr(ufunc, method)(*inputs, **kwargs)
/home/georg/projects/alphamill-f012/.venv/lib/python3.14/site-packages/pandas/core/arraylike.py:399: RuntimeWarning: invalid value encountered in log
  result = getattr(ufunc, method)(*inputs, **kwargs)
/home/georg/projects/alphamill-f012/.venv/lib/python3.14/site-packages/pandas/core/arraylike.py:399: RuntimeWarning: divide by zero encountered in log
  result = getattr(ufunc, method)(*inputs, **kwargs)
/home/georg/projects/alphamill-f012/.venv/lib/python3.14/site-packages/pandas/core/arraylike.py:399: RuntimeWarning: divide by zero encountered in log
  result = getattr(ufunc, method)(*inputs, **kwargs)
/home/georg/projects/alphamill-f012/.venv/lib/python3.14/site-packages/pandas/core/arraylike.py:399: RuntimeWarning: invalid value encountered in log
  result = getattr(ufunc, method)(*inputs, **kwargs)
/home/georg/projects/alphamill-f012/src/alphamill/factor_factory/generators/alphagen_vendor/alphagen/data/expression.py:379: UserWarning: std(): degrees of freedom is <= 0. Correction should be strictly less than the reduction factor (input numel divided by output numel). (Triggered internally at /pytorch/aten/src/ATen/native/ReduceOps.cpp:1857.)
  def _apply(self, operand: Tensor) -> Tensor: return operand.std(dim=-1)
/home/georg/projects/alphamill-f012/.venv/lib/python3.14/site-packages/pandas/core/arraylike.py:399: RuntimeWarning: divide by zero encountered in log
  result = getattr(ufunc, method)(*inputs, **kwargs)
/home/georg/projects/alphamill-f012/.venv/lib/python3.14/site-packages/pandas/core/arraylike.py:399: RuntimeWarning: invalid value encountered in log
  result = getattr(ufunc, method)(*inputs, **kwargs)
/home/georg/projects/alphamill-f012/.venv/lib/python3.14/site-packages/pandas/core/arraylike.py:399: RuntimeWarning: invalid value encountered in log
  result = getattr(ufunc, method)(*inputs, **kwargs)
/home/georg/projects/alphamill-f012/.venv/lib/python3.14/site-packages/pandas/core/arraylike.py:399: RuntimeWarning: divide by zero encountered in log
  result = getattr(ufunc, method)(*inputs, **kwargs)
/home/georg/projects/alphamill-f012/.venv/lib/python3.14/site-packages/pandas/core/arraylike.py:399: RuntimeWarning: invalid value encountered in log
  result = getattr(ufunc, method)(*inputs, **kwargs)
/home/georg/projects/alphamill-f012/.venv/lib/python3.14/site-packages/pandas/core/arraylike.py:399: RuntimeWarning: divide by zero encountered in log
  result = getattr(ufunc, method)(*inputs, **kwargs)
/home/georg/projects/alphamill-f012/.venv/lib/python3.14/site-packages/pandas/core/arraylike.py:399: RuntimeWarning: invalid value encountered in log
  result = getattr(ufunc, method)(*inputs, **kwargs)
/home/georg/projects/alphamill-f012/.venv/lib/python3.14/site-packages/pandas/core/arraylike.py:399: RuntimeWarning: divide by zero encountered in log
  result = getattr(ufunc, method)(*inputs, **kwargs)
/home/georg/projects/alphamill-f012/.venv/lib/python3.14/site-packages/pandas/core/arraylike.py:399: RuntimeWarning: invalid value encountered in log
  result = getattr(ufunc, method)(*inputs, **kwargs)
2026-09-27 22:15:38,996 INFO alphagen stopped: stop_reason=quota_reached elapsed_s=575.6 evaluations=309 vram_peak_gb=0.24
exit=0
